// Jest Snapshot v1, https://goo.gl/fbAQLP

exports[`WaterMark test image watermark 1`] = `
<WaterMark
  image="https://img.alicdn.com/tfs/TB1YM3LpipE_u4jSZKbXXbCUVXa-280-128.png"
  rotate={0}
>
  <div
    className="ant-pro-layout-watermark-wrapper"
    style={
      Object {
        "position": "relative",
      }
    }
  >
    <div
      style={
        Object {
          "height": 500,
        }
      }
    >
      123
    </div>
    <div
      className="ant-pro-layout-watermark"
      style={
        Object {
          "backgroundRepeat": "repeat",
          "backgroundSize": "332px",
          "height": "100%",
          "left": 0,
          "pointerEvents": "none",
          "position": "absolute",
          "top": 0,
          "width": "100%",
          "zIndex": 9,
        }
      }
    />
  </div>
</WaterMark>
`;

exports[`WaterMark test text watermark 1`] = `
<DocumentFragment>
  <div
    class="ant-pro-layout-watermark-wrapper"
    style="position: relative;"
  >
    <div
      style="height: 500px;"
    />
    <div
      class="ant-pro-layout-watermark"
      style="z-index: 9; position: absolute; left: 0px; top: 0px; width: 100%; height: 100%; background-size: 332px; pointer-events: none; background-repeat: repeat; background-image: url(data:image/png;base64,00);"
    />
  </div>
</DocumentFragment>
`;
